deasdfsdfsd
